// Vitest Snapshot v1, https://vitest.dev/guide/snapshot.html

exports[`committed stroke spine tables > coverage has not silently collapsed 1`] = `
{
  "AlFatemi": 42,
  "Amiri": 72,
  "FatemiMaqala": 41,
  "Kufi": 37,
  "Kufi2": 24,
  "Lateef": 35,
  "NotoSans": 13,
  "Qahiri": 20,
  "Scheherazade": 35,
  "TahaNaskhRegular": 55,
  "Thuluth": 22,
  "ThuluthDeco": 5,
  "Urdu": 36,
  "Wessam": 16,
  "Yekan": 33,
}
`;
